kotlin version: 2.3.10
error message: java.lang.OutOfMemoryError: GC overhead limit exceeded
	at java.base/java.util.jar.Manifest$FastInputStream.<init>(Manifest.java:409)
	at java.base/java.util.jar.Manifest$FastInputStream.<init>(Manifest.java:404)
	at java.base/java.util.jar.Manifest.read(Manifest.java:275)
	at java.base/java.util.jar.Manifest.<init>(Manifest.java:106)
	at java.base/java.util.jar.Manifest.<init>(Manifest.java:93)
	at java.base/java.util.jar.JarFile.getManifestFromReference(JarFile.java:420)
	at java.base/java.util.jar.JarFile.getManifest(JarFile.java:393)
	at java.base/jdk.internal.loader.URLClassPath$JarLoader$1.getManifest(URLClassPath.java:721)
	at java.base/jdk.internal.loader.BuiltinClassLoader.defineClass(BuiltinClassLoader.java:762)
	at java.base/jdk.internal.loader.BuiltinClassLoader.findClassOnClassPathOrNull(BuiltinClassLoader.java:691)
	at java.base/jdk.internal.loader.BuiltinClassLoader.loadClassOrNull(BuiltinClassLoader.java:620)
	at java.base/jdk.internal.loader.BuiltinClassLoader.loadClass(BuiltinClassLoader.java:578)
	at java.base/java.lang.ClassLoader.loadClass(ClassLoader.java:490)
	at org.jetbrains.kotlin.backend.common.FileLoweringPass.lower(Lower.kt:49)
	at org.jetbrains.kotlin.backend.common.phaser.PhaseBuildersKt.makeIrModulePhase$lambda$1(PhaseBuilders.kt:95)
	at org.jetbrains.kotlin.backend.common.phaser.PhaseBuildersKt$$Lambda/0x000007f8016129b0.invoke(Unknown Source)
	at org.jetbrains.kotlin.backend.common.phaser.PhaseBuildersKt$createSimpleNamedCompilerPhase$1.phaseBody(PhaseBuilders.kt:58)
	at org.jetbrains.kotlin.config.phaser.NamedCompilerPhase.invoke(CompilerPhase.kt:102)
	at org.jetbrains.kotlin.ir.backend.js.CompilerWithICKt.lowerPreservingTags(compilerWithIC.kt:117)
	at org.jetbrains.kotlin.ir.backend.js.JsCompilerKt.compileIr(jsCompiler.kt:145)
	at org.jetbrains.kotlin.ir.backend.js.JsCompilerKt.compile(jsCompiler.kt:57)
	at org.jetbrains.kotlin.ir.backend.js.JsCompilerKt.compile$default(jsCompiler.kt:42)
	at org.jetbrains.kotlin.cli.js.Ir2JsTransformer.lowerIr(K2JsCompilerImpl.kt:85)
	at org.jetbrains.kotlin.cli.js.Ir2JsTransformer.makeJsCodeGenerator(K2JsCompilerImpl.kt:104)
	at org.jetbrains.kotlin.cli.js.Ir2JsTransformer.compileAndTransformIrNew(K2JsCompilerImpl.kt:114)
	at org.jetbrains.kotlin.cli.pipeline.web.js.JsBackendPipelinePhase.compileNonIncrementally$cli_js(JsBackendPipelinePhase.kt:104)
	at org.jetbrains.kotlin.cli.pipeline.web.js.JsBackendPipelinePhase.compileNonIncrementally(JsBackendPipelinePhase.kt:86)
	at org.jetbrains.kotlin.cli.pipeline.web.js.JsBackendPipelinePhase.compileNonIncrementally(JsBackendPipelinePhase.kt:30)
	at org.jetbrains.kotlin.cli.pipeline.web.WebBackendPipelinePhase.executePhase(WebBackendPipelinePhase.kt:121)
	at org.jetbrains.kotlin.cli.pipeline.web.WebBackendPipelinePhase.executePhase(WebBackendPipelinePhase.kt:31)
	at org.jetbrains.kotlin.cli.pipeline.PipelinePhase.phaseBody(PipelinePhase.kt:68)
	at org.jetbrains.kotlin.cli.pipeline.PipelinePhase.phaseBody(PipelinePhase.kt:58)


