kotlin version: 2.3.10
error message: java.lang.OutOfMemoryError: Java heap space
	at org.jetbrains.kotlin.ir.util.AbstractTypeRemapper.remapTypeArguments(TypeRemapper.kt:58)
	at org.jetbrains.kotlin.ir.overrides.CopyIrTreeWithSymbolsForFakeOverrides$FakeOverrideTypeRemapper.remapTypeOrNull(CopyIrTreeWithSymbolsForFakeOverrides.kt:73)
	at org.jetbrains.kotlin.ir.util.AbstractTypeRemapper.remapType(TypeRemapper.kt:47)
	at org.jetbrains.kotlin.ir.overrides.FakeOverrideCopier.copyValueParameter(FakeOverrideCopier.kt:83)
	at org.jetbrains.kotlin.ir.overrides.FakeOverrideCopier.copySimpleFunction(FakeOverrideCopier.kt:47)
	at org.jetbrains.kotlin.ir.overrides.CopyIrTreeWithSymbolsForFakeOverrides.copy(CopyIrTreeWithSymbolsForFakeOverrides.kt:41)
	at org.jetbrains.kotlin.ir.overrides.FakeOverrideBuilderStrategyKt.buildFakeOverrideMember(FakeOverrideBuilderStrategy.kt:197)
	at org.jetbrains.kotlin.ir.overrides.FakeOverrideBuilderStrategy.fakeOverrideMember(FakeOverrideBuilderStrategy.kt:67)
	at org.jetbrains.kotlin.ir.overrides.IrFakeOverrideBuilder.buildFakeOverridesForClassImpl(IrFakeOverrideBuilder.kt:104)
	at org.jetbrains.kotlin.ir.overrides.IrFakeOverrideBuilder.buildFakeOverridesForClass$lambda$0(IrFakeOverrideBuilder.kt:70)
	at org.jetbrains.kotlin.ir.overrides.IrFakeOverrideBuilder$$Lambda/0x00000400015b1718.invoke(Unknown Source)
	at org.jetbrains.kotlin.backend.common.serialization.signature.PublicIdSignatureComputer.inFile(IdSignatureComputers.kt:43)
	at org.jetbrains.kotlin.backend.common.serialization.DeclarationTable.inFile(DeclarationTable.kt:65)
	at org.jetbrains.kotlin.backend.common.overrides.IrLinkerFakeOverrideBuilderStrategy.inFile(FakeOverrides.kt:89)
	at org.jetbrains.kotlin.ir.overrides.IrFakeOverrideBuilder.buildFakeOverridesForClass(IrFakeOverrideBuilder.kt:65)
	at org.jetbrains.kotlin.backend.common.overrides.IrLinkerFakeOverrideProvider.buildFakeOverrideChainsForClass(FakeOverrides.kt:343)
	at org.jetbrains.kotlin.backend.common.overrides.IrLinkerFakeOverrideProvider.provideFakeOverrides(FakeOverrides.kt:349)
	at org.jetbrains.kotlin.backend.common.overrides.IrLinkerFakeOverrideProvider.provideFakeOverrides(FakeOverrides.kt:357)
	at org.jetbrains.kotlin.backend.common.serialization.KotlinIrLinker.postProcess(KotlinIrLinker.kt:222)
	at org.jetbrains.kotlin.ir.backend.js.ic.LoadedJsIr.loadUnboundSymbols(JsIrLinkerLoader.kt:104)
	at org.jetbrains.kotlin.ir.backend.js.ic.JsIrLinkerLoader.loadIr(JsIrLinkerLoader.kt:270)
	at org.jetbrains.kotlin.ir.backend.js.ic.JsIrLinkerLoader.loadIr$default(JsIrLinkerLoader.kt:211)
	at org.jetbrains.kotlin.ir.backend.js.ic.CacheUpdater.loadIrForDirtyFilesAndInitCompiler(CacheUpdater.kt:754)
	at org.jetbrains.kotlin.ir.backend.js.ic.CacheUpdater.loadIrAndMakeIrFragmentGenerators(CacheUpdater.kt:785)
	at org.jetbrains.kotlin.ir.backend.js.ic.CacheUpdater.actualizeCaches(CacheUpdater.kt:821)
	at org.jetbrains.kotlin.cli.js.IcCachesKt.prepareIcCaches(IcCaches.kt:101)
	at org.jetbrains.kotlin.cli.pipeline.web.WebBackendPipelinePhase.executePhase(WebBackendPipelinePhase.kt:70)
	at org.jetbrains.kotlin.cli.pipeline.web.WebBackendPipelinePhase.executePhase(WebBackendPipelinePhase.kt:31)
	at org.jetbrains.kotlin.cli.pipeline.PipelinePhase.phaseBody(PipelinePhase.kt:68)
	at org.jetbrains.kotlin.cli.pipeline.PipelinePhase.phaseBody(PipelinePhase.kt:58)
	at org.jetbrains.kotlin.config.phaser.NamedCompilerPhase.invoke(CompilerPhase.kt:102)
	at org.jetbrains.kotlin.backend.common.phaser.CompositePhase.invoke(PhaseBuilders.kt:22)


