kotlin version: 2.3.10
error message: java.lang.OutOfMemoryError: Java heap space
	at org.jetbrains.kotlin.it.unimi.dsi.fastutil.objects.Object2ObjectOpenHashMap.rehash(SourceFile:1271)
	at org.jetbrains.kotlin.it.unimi.dsi.fastutil.objects.Object2ObjectOpenHashMap.a(SourceFile:251)
	at org.jetbrains.kotlin.it.unimi.dsi.fastutil.objects.Object2ObjectOpenHashMap.put(SourceFile:259)
	at org.jetbrains.kotlin.backend.common.serialization.GlobalDeclarationTable.computeSignatureByDeclaration(DeclarationTable.kt:95)
	at org.jetbrains.kotlin.backend.common.serialization.DeclarationTable.signatureByDeclaration(DeclarationTable.kt:78)
	at org.jetbrains.kotlin.backend.common.overrides.IrLinkerFakeOverrideBuilderStrategy.composeSignature(FakeOverrides.kt:191)
	at org.jetbrains.kotlin.backend.common.overrides.IrLinkerFakeOverrideBuilderStrategy.computeFunctionFakeOverrideSymbol(FakeOverrides.kt:199)
	at org.jetbrains.kotlin.backend.common.overrides.IrLinkerFakeOverrideBuilderStrategy.linkFunctionFakeOverride(FakeOverrides.kt:92)
	at org.jetbrains.kotlin.backend.common.overrides.IrLinkerFakeOverrideBuilderStrategy.linkPropertyFakeOverride(FakeOverrides.kt:173)
	at org.jetbrains.kotlin.ir.overrides.FakeOverrideBuilderStrategy.linkFakeOverride(FakeOverrideBuilderStrategy.kt:84)
	at org.jetbrains.kotlin.ir.overrides.IrFakeOverrideBuilder.createAndBindFakeOverride(IrFakeOverrideBuilder.kt:366)
	at org.jetbrains.kotlin.ir.overrides.IrFakeOverrideBuilder.createAndBindFakeOverrides(IrFakeOverrideBuilder.kt:266)
	at org.jetbrains.kotlin.ir.overrides.IrFakeOverrideBuilder.generateOverridesInFunctionGroup(IrFakeOverrideBuilder.kt:195)
	at org.jetbrains.kotlin.ir.overrides.IrFakeOverrideBuilder.buildFakeOverridesForClassImpl(IrFakeOverrideBuilder.kt:119)
	at org.jetbrains.kotlin.ir.overrides.IrFakeOverrideBuilder.buildFakeOverridesForClass$lambda$0(IrFakeOverrideBuilder.kt:70)
	at org.jetbrains.kotlin.ir.overrides.IrFakeOverrideBuilder$$Lambda/0x00007f80015578f0.invoke(Unknown Source)
	at org.jetbrains.kotlin.backend.common.serialization.signature.PublicIdSignatureComputer.inFile(IdSignatureComputers.kt:43)
	at org.jetbrains.kotlin.backend.common.serialization.DeclarationTable.inFile(DeclarationTable.kt:65)
	at org.jetbrains.kotlin.backend.common.overrides.IrLinkerFakeOverrideBuilderStrategy.inFile(FakeOverrides.kt:89)
	at org.jetbrains.kotlin.ir.overrides.IrFakeOverrideBuilder.buildFakeOverridesForClass(IrFakeOverrideBuilder.kt:65)
	at org.jetbrains.kotlin.backend.common.overrides.IrLinkerFakeOverrideProvider.buildFakeOverrideChainsForClass(FakeOverrides.kt:343)
	at org.jetbrains.kotlin.backend.common.overrides.IrLinkerFakeOverrideProvider.provideFakeOverrides(FakeOverrides.kt:349)
	at org.jetbrains.kotlin.backend.common.overrides.IrLinkerFakeOverrideProvider.provideFakeOverrides(FakeOverrides.kt:357)
	at org.jetbrains.kotlin.backend.common.serialization.KotlinIrLinker.postProcess(KotlinIrLinker.kt:222)
	at org.jetbrains.kotlin.ir.backend.js.ic.LoadedJsIr.loadUnboundSymbols(JsIrLinkerLoader.kt:104)
	at org.jetbrains.kotlin.ir.backend.js.ic.JsIrLinkerLoader.loadIr(JsIrLinkerLoader.kt:270)
	at org.jetbrains.kotlin.ir.backend.js.ic.JsIrLinkerLoader.loadIr$default(JsIrLinkerLoader.kt:211)
	at org.jetbrains.kotlin.ir.backend.js.ic.CacheUpdater.loadIrForDirtyFilesAndInitCompiler(CacheUpdater.kt:754)
	at org.jetbrains.kotlin.ir.backend.js.ic.CacheUpdater.loadIrAndMakeIrFragmentGenerators(CacheUpdater.kt:785)
	at org.jetbrains.kotlin.ir.backend.js.ic.CacheUpdater.actualizeCaches(CacheUpdater.kt:821)
	at org.jetbrains.kotlin.cli.js.IcCachesKt.prepareIcCaches(IcCaches.kt:101)
	at org.jetbrains.kotlin.cli.pipeline.web.WebBackendPipelinePhase.executePhase(WebBackendPipelinePhase.kt:70)


